01-16 13:03:31.742 D/StatusBar.MSimNetworkController( 6215): onSignalStrengthsChanged received on phoneId :0 subid: 2signalStrength=SignalStrength: 99 0 -120 -160 -120 -1 -1 27 -89 -7 -184 2147483647 2147483647 gsm|lte level=4
01-16 13:03:31.962 D/PowerManagerService( 1208): to showLogHandlerThread quit!
01-16 13:03:31.972 E/WifiStateMachine( 1208): WifiStateMachine CMD_START_SCAN source 10537 txSuccessRate=42.09 rxSuccessRate=7.40 targetRoamBSSID=any RSSI=-65
01-16 13:03:31.972 D/wpa_supplicant(24232): wlan0: Control interface command 'SCAN TYPE=ONLY'
01-16 13:03:31.972 D/wpa_supplicant(24232): wlan0: Setting scan request: 0.000000 sec
01-16 13:03:31.972 D/wpa_supplicant(24232): Scan SSID - hexdump(len=13): 79 69 64 69 61 6e 6c 69 61 6e 6a 69 65
01-16 13:03:31.972 D/wpa_supplicant(24232): wlan0: Starting AP scan for wildcard SSID
01-16 13:03:31.972 D/wpa_supplicant(24232): wlan0: Add radio work 'scan'@0x5592c47a80
01-16 13:03:31.972 D/wpa_supplicant(24232): wlan0: First radio work item in the queue - schedule start immediately
01-16 13:03:31.972 D/wpa_supplicant(24232): wlan0: Starting radio work 'scan'@0x5592c47a80 after 0.000082 second wait
01-16 13:03:31.972 D/wpa_supplicant(24232): wlan0: nl80211: scan request
01-16 13:03:31.972 D/wpa_supplicant(24232): nl80211: Scan SSID - hexdump(len=13): 79 69 64 69 61 6e 6c 69 61 6e 6a 69 65
01-16 13:03:31.972 D/wpa_supplicant(24232): nl80211: Scan SSID - hexdump(len=0): [NULL]
01-16 13:03:31.982 D/wpa_supplicant(24232): Scan requested (ret=0) - scan timeout 30 seconds
01-16 13:03:31.982 D/wpa_supplicant(24232): nl80211: Event message available
01-16 13:03:31.982 D/wpa_supplicant(24232): nl80211: Drv Event 33 (NL80211_CMD_TRIGGER_SCAN) received for wlan0
01-16 13:03:31.982 D/wpa_supplicant(24232): wlan0: nl80211: Scan trigger
01-16 13:03:31.982 D/wpa_supplicant(24232): wlan0: Event SCAN_STARTED (49) received
01-16 13:03:31.982 D/wpa_supplicant(24232): wlan0: Own scan request started a scan in 0.000326 seconds
01-16 13:03:31.982 D/wpa_supplicant(24232): CTRL_IFACE monitor sent successfully to /data/misc/wifi/sockets/wpa_ctrl_440-19\x00
01-16 13:03:31.982 D/wpa_supplicant(24232): CTRL_IFACE monitor sent successfully to /data/misc/wifi/sockets/wpa_ctrl_1208-9\x00
01-16 13:03:31.982 D/wpa_supplicant(24232): nl80211: Event message available
01-16 13:03:31.982 D/wpa_supplicant(24232): nl80211: Drv Event 34 (NL80211_CMD_NEW_SCAN_RESULTS) received for wlan0
01-16 13:03:31.982 D/wpa_supplicant(24232): wlan0: nl80211: New scan results available
01-16 13:03:31.982 D/wpa_supplicant(24232): nl80211: Scan probed for SSID 'yidianlianjie'
01-16 13:03:31.982 D/wpa_supplicant(24232): nl80211: Scan probed for SSID ''
01-16 13:03:31.982 D/wpa_supplicant(24232): nl80211: Scan included frequencies: 2412 2417 2422 2427 2432 2437 2442 2447 2452 2457 2462 2467 2472 5180 5200 5220 5240 5260 5280 5300 5320 5745 5765 5785 5805 5825
01-16 13:03:31.982 D/wpa_supplicant(24232): wlan0: Event SCAN_RESULTS (3) received
01-16 13:03:31.982 D/wpa_supplicant(24232): wlan0: Scan completed in 0.000625 seconds
01-16 13:03:31.982 D/wpa_supplicant(24232): nl80211: Associated on 2442 MHz
01-16 13:03:31.982 D/wpa_supplicant(24232): nl80211: Associated with 60:ee:5c:02:3c:a3
01-16 13:03:31.982 D/wpa_supplicant(24232): nl80211: Received scan results (3 BSSes)
01-16 13:03:31.982 D/wpa_supplicant(24232): nl80211: Scan results indicate BSS status with 60:ee:5c:02:3c:a3 as associated
01-16 13:03:31.982 D/wpa_supplicant(24232): wlan0: BSS: Start scan result update 1954
01-16 13:03:31.982 D/wpa_supplicant(24232): BSS: last_scan_res_used=3/32
01-16 13:03:31.982 D/wpa_supplicant(24232): wlan0: Scan-only results received
01-16 13:03:31.982 D/wpa_supplicant(24232): CTRL_IFACE monitor sent successfully to /data/misc/wifi/sockets/wpa_ctrl_440-19\x00
01-16 13:03:31.982 D/wpa_supplicant(24232): CTRL_IFACE monitor sent successfully to /data/misc/wifi/sockets/wpa_ctrl_1208-9\x00
01-16 13:03:31.982 D/wpa_supplicant(24232): wlan0: Radio work 'scan'@0x5592c47a80 done in 0.003545 seconds
01-16 13:03:31.982 I/WifiHAL ( 1208): Poll result = 1
01-16 13:03:31.982 I/WifiHAL ( 1208): Found some events!!!
01-16 13:03:31.982 D/WifiHAL ( 1208): no_seq_check received
01-16 13:03:31.982 I/WifiHAL ( 1208): event received NL80211_CMD_TRIGGER_SCAN
01-16 13:03:31.982 I/WifiHAL ( 1208): event received NL80211_CMD_TRIGGER_SCAN, vendor_id = 0x0
01-16 13:03:31.982 I/WifiHAL ( 1208): event ignored!!
01-16 13:03:31.982 I/WifiHAL ( 1208): Poll result = 1
01-16 13:03:31.982 I/WifiHAL ( 1208): Found some events!!!
01-16 13:03:31.982 D/WifiHAL ( 1208): no_seq_check received
01-16 13:03:31.982 I/WifiHAL ( 1208): event received NL80211_CMD_NEW_SCAN_RESULTS
01-16 13:03:31.982 I/WifiHAL ( 1208): event received NL80211_CMD_NEW_SCAN_RESULTS, vendor_id = 0x0
01-16 13:03:31.982 I/WifiHAL ( 1208): event ignored!!
01-16 13:03:31.992 D/StatusBar.MSimNetworkController( 6215): onSignalStrengthsChanged received on phoneId :0 subid: 2signalStrength=SignalStrength: 99 0 -120 -160 -120 -1 -1 27 -89 -7 -184 2147483647 2147483647 gsm|lte level=4
01-16 13:03:31.992 D/wpa_supplicant(24232): wlan0: Control interface command 'BSS RANGE=0- MASK=0x21987'
01-16 13:03:32.002 D/LBSSystemMonitorService( 1208): handleMessage what - 4
01-16 13:03:32.002 D/Wiper_jni( 1208): Send Network Location.
01-16 13:03:32.182 D/wpa_supplicant(24232): wlan0: Control interface command 'SIGNAL_POLL'
01-16 13:03:32.532 D/StatusBar.MSimNetworkController( 6215): refreshViews connected={ wifi } level=4 mMSimcombinedSignalIconId=0x7f0201c4/com.android.systemui:drawable/stat_sys_wifi_signal_png_4_fully mMSimcombinedActivityIconId=0x7f0201bf mAirplaneMode=false mMSimDataActivity=0 mMSimPhoneSignalIconId=0x7f0201b1/com.android.systemui:drawable/stat_sys_signal_4 mMSimDataDirectionIconId=0x0 mMSimDataSignalIconId=0x7f0201b1 mMSimDataTypeIconId=0x0/(null) mNoMSimIconId=0x0/(null) mMSimMobileActivityIconId=0x0/(null) mWifiIconId=0x7f0201c4 mBluetoothTetherIconId=0x108069f
01-16 13:03:33.532 D/StatusBar.MSimNetworkController( 6215): refreshViews connected={ wifi } level=4 mMSimcombinedSignalIconId=0x7f0201c4/com.android.systemui:drawable/stat_sys_wifi_signal_png_4_fully mMSimcombinedActivityIconId=0x7f0201be mAirplaneMode=false mMSimDataActivity=0 mMSimPhoneSignalIconId=0x7f0201b1/com.android.systemui:drawable/stat_sys_signal_4 mMSimDataDirectionIconId=0x0 mMSimDataSignalIconId=0x7f0201b1 mMSimDataTypeIconId=0x0/(null) mNoMSimIconId=0x0/(null) mMSimMobileActivityIconId=0x0/(null) mWifiIconId=0x7f0201c4 mBluetoothTetherIconId=0x108069f
01-16 13:03:33.962 D/PowerManagerService( 1208): to showLogHandlerThread quit!
01-16 13:03:33.982 D/StatusBar.MSimNetworkController( 6215): onSignalStrengthsChanged received on phoneId :0 subid: 2signalStrength=SignalStrength: 99 0 -120 -160 -120 -1 -1 27 -89 -7 -184 2147483647 2147483647 gsm|lte level=4
01-16 13:03:34.992 D/StatusBar.MSimNetworkController( 6215): onSignalStrengthsChanged received on phoneId :0 subid: 2signalStrength=SignalStrength: 99 0 -120 -160 -120 -1 -1 26 -91 -7 -184 2147483647 2147483647 gsm|lte level=4
01-16 13:03:35.192 D/wpa_supplicant(24232): wlan0: Control interface command 'SIGNAL_POLL'
01-16 13:03:35.312 I/MSM-irqbalance(  826): Decided to move IRQ215 from CPU5 to CPU6
01-16 13:03:35.952 D/Netroid (32734): [848] BasicNetwork.logSlowRequests: HTTP response for request=<[ ] http://192.168.191.1:8090/EvidenceService/app/uploadFile NORMAL 3> [lifetime=4648], [size=16], [rc=200], [retryCount=0]
01-16 13:03:35.992 D/onRunning(32734): IMG_df47b7c1ccca473a94f4b24d132ba86a.jpg.part2删除成功  {"success":true}
01-16 13:03:35.992 D/Netroid (32734): [1] Request.finish: 4691 ms: [ ] http://192.168.191.1:8090/EvidenceService/app/uploadFile NORMAL 3
01-16 13:03:36.002 D/PowerManagerService( 1208): to showLogHandlerThread quit!
01-16 13:03:36.012 E/WifiStateMachine( 1208): WifiStateMachine CMD_START_SCAN source 10537 txSuccessRate=91.57 rxSuccessRate=27.78 targetRoamBSSID=any RSSI=-63
01-16 13:03:36.012 D/wpa_supplicant(24232): wlan0: Control interface command 'SCAN TYPE=ONLY'
01-16 13:03:36.012 D/wpa_supplicant(24232): wlan0: Setting scan request: 0.000000 sec
01-16 13:03:36.012 D/wpa_supplicant(24232): Scan SSID - hexdump(len=13): 79 69 64 69 61 6e 6c 69 61 6e 6a 69 65
01-16 13:03:36.012 D/wpa_supplicant(24232): wlan0: Starting AP scan for wildcard SSID
01-16 13:03:36.012 D/wpa_supplicant(24232): wlan0: Add radio work 'scan'@0x5592bf5790
01-16 13:03:36.012 D/wpa_supplicant(24232): wlan0: First radio work item in the queue - schedule start immediately
01-16 13:03:36.012 D/wpa_supplicant(24232): wlan0: Starting radio work 'scan'@0x5592bf5790 after 0.000102 second wait
01-16 13:03:36.012 D/wpa_supplicant(24232): wlan0: nl80211: scan request
01-16 13:03:36.012 D/wpa_supplicant(24232): nl80211: Scan SSID - hexdump(len=13): 79 69 64 69 61 6e 6c 69 61 6e 6a 69 65
01-16 13:03:36.012 D/wpa_supplicant(24232): nl80211: Scan SSID - hexdump(len=0): [NULL]
01-16 13:03:36.012 I/WifiHAL ( 1208): Poll result = 1
01-16 13:03:36.012 D/wpa_supplicant(24232): Scan requested (ret=0) - scan timeout 30 seconds
01-16 13:03:36.012 I/WifiHAL ( 1208): Found some events!!!
01-16 13:03:36.012 D/wpa_supplicant(24232): nl80211: Event message available
01-16 13:03:36.012 D/WifiHAL ( 1208): no_seq_check received
01-16 13:03:36.012 I/WifiHAL ( 1208): event received NL80211_CMD_TRIGGER_SCAN
01-16 13:03:36.022 D/wpa_supplicant(24232): nl80211: Drv Event 33 (NL80211_CMD_TRIGGER_SCAN) received for wlan0
01-16 13:03:36.022 I/WifiHAL ( 1208): event received NL80211_CMD_TRIGGER_SCAN, vendor_id = 0x0
01-16 13:03:36.022 D/wpa_supplicant(24232): wlan0: nl80211: Scan trigger
01-16 13:03:36.022 I/WifiHAL ( 1208): event ignored!!
01-16 13:03:36.022 D/wpa_supplicant(24232): wlan0: Event SCAN_STARTED (49) received
01-16 13:03:36.022 D/wpa_supplicant(24232): wlan0: Own scan request started a scan in 0.000321 seconds
01-16 13:03:36.022 D/wpa_supplicant(24232): CTRL_IFACE monitor sent successfully to /data/misc/wifi/sockets/wpa_ctrl_440-19\x00
01-16 13:03:36.022 D/wpa_supplicant(24232): CTRL_IFACE monitor sent successfully to /data/misc/wifi/sockets/wpa_ctrl_1208-9\x00
01-16 13:03:36.092 D/Netroid (32734): [849] BasicNetwork.logSlowRequests: HTTP response for request=<[ ] http://192.168.191.1:8090/EvidenceService/app/uploadFile NORMAL 4> [lifetime=4728], [size=16], [rc=200], [retryCount=0]
01-16 13:03:36.192 D/onRunning(32734): IMG_df47b7c1ccca473a94f4b24d132ba86a.jpg.part2删除成功  {"success":true}
01-16 13:03:36.192 D/Netroid (32734): [1] Request.finish: 4832 ms: [ ] http://192.168.191.1:8090/EvidenceService/app/uploadFile NORMAL 4
01-16 13:03:36.222 D/StatusBar.MSimNetworkController( 6215): onSignalStrengthsChanged received on phoneId :0 subid: 2signalStrength=SignalStrength: 99 0 -120 -160 -120 -1 -1 26 -91 -7 -184 2147483647 2147483647 gsm|lte level=4
01-16 13:03:36.822 D/PowerManagerService( 1208): to showLogHandlerThread quit!
01-16 13:03:36.842 D/FitAnimSurface( 1208): nubia_start_app_transition  AppWindowToken{31b586b6 token=Token{944de51 ActivityRecord{1340b778 u0 com.gofirst.scenecollection.evidence/.view.activity.UploadingCaseListActivity t32603}}}
01-16 13:03:36.842 D/tfUrl   (32734): /checkBasedataUpdate
01-16 13:03:36.842 D/Urltest (32734): http://192.168.191.1:8090/EvidenceService/app/checkBasedataUpdate
01-16 13:03:36.842 I/supersnapshot( 1208): current activity: clazzName: com.gofirst.scenecollection.evidence.view.activity.SyncDataActivity pkgName: com.gofirst.scenecollection.evidence
01-16 13:03:36.852 D/FitAnimSurface( 1208): nubia_surface_first_show  Window{1585d324 u0 com.gofirst.scenecollection.evidence/com.gofirst.scenecollection.evidence.view.activity.UploadingCaseListActivity}
01-16 13:03:36.862 I/Timeline(32734): Timeline: Activity_idle id: android.os.BinderProxy@2ea11f6a time:14459997
01-16 13:03:37.002 D/PowerManagerService( 1208): to showLogHandlerThread quit!
01-16 13:03:37.012 D/ActivityManager( 1208): target_pkg = com.gofirst.scenecollection.evidence, target_process = com.gofirst.scenecollection.evidence
01-16 13:03:37.012 D/ActivityManager( 1208): start service caller PID =32734, UID = 10537, callerPkgList = {com.gofirst.scenecollection.evidence=com.android.internal.app.ProcessStats$ProcessStateHolder@acbf1a3}, service_name = ComponentInfo{com.gofirst.scenecollection.evidence/com.gofirst.scenecollection.evidence.sync.UpLoadService}
01-16 13:03:37.012 W/AlarmManager( 1208): none no open power log
01-16 13:03:37.022 D/save    (32734): {"latitude":"31.350773","longitude":"31.350773","machineCode":"ae4b71d7d0b64cea8711a7c77f7c9f46","modularVersionNo":"1.0.90","userId":"119071","userName":"admin","userOrg":"32098","userOrgName":"%E8%8B%8F%E5%B7%9E%E5%B8%82%E5%85%AC%E5%AE%89%E5%B1%80"}
01-16 13:03:37.032 D/ActivityManager( 1208): target_pkg = com.gofirst.scenecollection.evidence, target_process = com.gofirst.scenecollection.evidence:romoteservice
01-16 13:03:37.032 D/ActivityManager( 1208): bindService caller Pid = 32734, Uid = 10537 callerApp.pkgList ={com.gofirst.scenecollection.evidence=com.android.internal.app.ProcessStats$ProcessStateHolder@acbf1a3}, service_name = ComponentInfo{com.gofirst.scenecollection.evidence/com.gofirst.scenecollection.evidence.sync.RemoteService}
01-16 13:03:37.042 D/onRunning(32734): onStartSpecific
01-16 13:03:37.122 D/SwipeUpService( 6832): setting close
01-16 13:03:37.122 D/SwipeUpService( 6832): multi-screen open
01-16 13:03:37.122 D/SwipeUpService( 6832): in black list
01-16 13:03:37.122 D/SwipeUpService( 6832): in boot tutorial
01-16 13:03:37.132 D/FitAnimSurface( 1208): nubia_finish_app_transition  AppWindowToken{31b586b6 token=Token{944de51 ActivityRecord{1340b778 u0 com.gofirst.scenecollection.evidence/.view.activity.UploadingCaseListActivity t32603}}}
01-16 13:03:37.152 E/AVGFPS  (  403): com.gofirst.scenecollection.evidence/com.gofirst.scenecollection.evidence.view.activity.UploadingCaseListActivity b- nAvgNum= 14 avgtime=17920312.00 fps=55.80
01-16 13:03:37.152 W/SurfaceFlinger(  403): couldn't log to binary event log: overflow.
01-16 13:03:37.412 D/onRunning(32734): select * from UnUpLoadBlock where isSpec = '1' order by id limit 12,2
01-16 13:03:37.462 D/onRun   (32734): UploadFileHasBlock
01-16 13:03:37.462 D/onRun   (32734): noBlockUploadFinish
01-16 13:03:37.912 I/Timeline(32734): Timeline: Activity_launch_request id:com.gofirst.scenecollection.evidence time:14461048
01-16 13:03:37.922 I/ActivityManager( 1208): START u0 {cmp=com.gofirst.scenecollection.evidence/.view.activity.SelectUploadCase} from uid 10537 on display 0
01-16 13:03:37.922 V/WindowManager( 1208): addAppToken: AppWindowToken{77444a7 token=Token{70b0966 ActivityRecord{428fdc1 u0 com.gofirst.scenecollection.evidence/.view.activity.SelectUploadCase t32603}}} to stack=1 task=32603 at 2
01-16 13:03:37.932 D/PowerManagerService( 1208): to showLogHandlerThread quit!
01-16 13:03:37.932 E/ImeManager( 1208): System would not have a null focused window on display;0
01-16 13:03:37.972 I/ViewRootImpl(32734): CPU Rendering VSync enable = true
01-16 13:03:37.972 V/WindowManager( 1208): Adding window Window{1386b4fd u0 com.gofirst.scenecollection.evidence/com.gofirst.scenecollection.evidence.view.activity.SelectUploadCase} at 7 of 11 (after Window{1e468a3a u0 com.gofirst.scenecollection.evidence/com.gofirst.scenecollection.evidence.view.activity.SyncDataActivity})
01-16 13:03:37.982 I/supersnapshot( 1208): current activity: clazzName: com.gofirst.scenecollection.evidence.view.activity.SelectUploadCase pkgName: com.gofirst.scenecollection.evidence
01-16 13:03:37.992 D/StatusBar.MSimNetworkController( 6215): onSignalStrengthsChanged received on phoneId :0 subid: 2signalStrength=SignalStrength: 99 0 -120 -160 -120 -1 -1 26 -91 -7 -184 2147483647 2147483647 gsm|lte level=4
01-16 13:03:38.002 D/PowerManagerService( 1208): to showLogHandlerThread quit!
01-16 13:03:38.032 I/libGameXtend(32734): LUCID_1 (1516079018045) GameXtend is currently running in Automatic mode
01-16 13:03:38.032 I/libGameXtend(32734): LUCID_1 (1516079018045) GameXtend is currently running in no_save Save power state. 
01-16 13:03:38.032 I/libGameXtend(32734): LUCID_1 (1516079018045) com.gofirst.scenecollection.evidence is currently running with GameXtend, with PS parameter = 1. , ICE is not supported. PS parameter source is PowerXtend configuration
01-16 13:03:38.032 I/libGameXtend(32734): LUCID_1 (1516079018046) PowerXtend touch feature is not active
01-16 13:03:38.052 D/wpa_supplicant(24232): nl80211: Event message available
01-16 13:03:38.052 D/wpa_supplicant(24232): nl80211: Drv Event 34 (NL80211_CMD_NEW_SCAN_RESULTS) received for wlan0
01-16 13:03:38.052 D/wpa_supplicant(24232): wlan0: nl80211: New scan results available
01-16 13:03:38.052 D/wpa_supplicant(24232): nl80211: Scan probed for SSID 'yidianlianjie'
01-16 13:03:38.052 D/wpa_supplicant(24232): nl80211: Scan probed for SSID ''
01-16 13:03:38.052 D/wpa_supplicant(24232): nl80211: Scan included frequencies: 2412 2417 2422 2427 2432 2437 2442 2447 2452 2457 2462 2467 2472 5180 5200 5220 5240 5260 5280 5300 5320 5745 5765 5785 5805 5825
01-16 13:03:38.052 D/wpa_supplicant(24232): wlan0: Event SCAN_RESULTS (3) received
01-16 13:03:38.052 D/wpa_supplicant(24232): wlan0: Scan completed in 2.038234 seconds
01-16 13:03:38.052 D/wpa_supplicant(24232): nl80211: Associated on 2442 MHz
01-16 13:03:38.052 D/wpa_supplicant(24232): nl80211: Associated with 60:ee:5c:02:3c:a3
01-16 13:03:38.052 D/wpa_supplicant(24232): nl80211: Received scan results (4 BSSes)
01-16 13:03:38.052 D/wpa_supplicant(24232): nl80211: Scan results indicate BSS status with 60:ee:5c:02:3c:a3 as associated
01-16 13:03:38.052 D/wpa_supplicant(24232): wlan0: BSS: Start scan result update 1955
01-16 13:03:38.052 D/wpa_supplicant(24232): wlan0: BSS: Add new id 590 BSSID f4:cb:52:08:20:78 SSID 'BG22'
01-16 13:03:38.052 D/wpa_supplicant(24232): CTRL_IFACE monitor sent successfully to /data/misc/wifi/sockets/wpa_ctrl_440-19\x00
01-16 13:03:38.052 D/wpa_supplicant(24232): CTRL_IFACE monitor sent successfully to /data/misc/wifi/sockets/wpa_ctrl_1208-9\x00
01-16 13:03:38.052 D/wpa_supplicant(24232): BSS: last_scan_res_used=4/32
01-16 13:03:38.052 D/wpa_supplicant(24232): wlan0: Scan-only results received
01-16 13:03:38.052 D/wpa_supplicant(24232): CTRL_IFACE monitor sent successfully to /data/misc/wifi/sockets/wpa_ctrl_440-19\x00
01-16 13:03:38.052 D/wpa_supplicant(24232): CTRL_IFACE monitor sent successfully to /data/misc/wifi/sockets/wpa_ctrl_1208-9\x00
01-16 13:03:38.052 D/wpa_supplicant(24232): wlan0: Radio work 'scan'@0x5592bf5790 done in 2.042269 seconds
01-16 13:03:38.052 I/WifiHAL ( 1208): Poll result = 1
01-16 13:03:38.052 I/WifiHAL ( 1208): Found some events!!!
01-16 13:03:38.052 D/WifiHAL ( 1208): no_seq_check received
01-16 13:03:38.052 I/WifiHAL ( 1208): event received NL80211_CMD_NEW_SCAN_RESULTS
01-16 13:03:38.052 I/WifiHAL ( 1208): event received NL80211_CMD_NEW_SCAN_RESULTS, vendor_id = 0x0
01-16 13:03:38.052 I/WifiHAL ( 1208): event ignored!!
01-16 13:03:38.062 D/wpa_supplicant(24232): wlan0: Control interface command 'BSS RANGE=0- MASK=0x21987'
01-16 13:03:38.062 D/LBSSystemMonitorService( 1208): handleMessage what - 4
01-16 13:03:38.062 D/Wiper_jni( 1208): Send Network Location.
01-16 13:03:38.072 I/ActivityManager( 1208): Displayed com.gofirst.scenecollection.evidence/.view.activity.SelectUploadCase: +133ms
01-16 13:03:38.082 D/FitAnimSurface( 1208): nubia_start_app_transition  AppWindowToken{77444a7 token=Token{70b0966 ActivityRecord{428fdc1 u0 com.gofirst.scenecollection.evidence/.view.activity.SelectUploadCase t32603}}}
01-16 13:03:38.082 D/Ulp_jni ( 1208): JNI:In update_settings:currentContextType 0, currentGpsSetting 0, currentAgpsSetting 1,currentNetworkProvSetting 0,currentWifiSetting 1,currentBatteryCharging 0,currentEnhLocationServicesSetting 0 currentPipUserSetting 0 
01-16 13:03:38.092 D/Ulp_jni ( 1208): JNI:system_update. Event-4
01-16 13:03:38.112 D/FitAnimSurface( 1208): nubia_surface_first_show  Window{1386b4fd u0 com.gofirst.scenecollection.evidence/com.gofirst.scenecollection.evidence.view.activity.SelectUploadCase}
01-16 13:03:38.122 D/Ulp_jni ( 1208): JNI:In update_settings:currentContextType 0, currentGpsSetting 0, currentAgpsSetting 1,currentNetworkProvSetting 0,currentWifiSetting 1,currentBatteryCharging 0,currentEnhLocationServicesSetting 0 currentPipUserSetting 0 
01-16 13:03:38.122 D/Ulp_jni ( 1208): JNI:system_update. Event-4
01-16 13:03:38.182 I/Timeline(32734): Timeline: Activity_idle id: android.os.BinderProxy@1acf35e6 time:14461312
01-16 13:03:38.192 D/wpa_supplicant(24232): wlan0: Control interface command 'SIGNAL_POLL'
01-16 13:03:38.252 D/SwipeUpService( 6832): setting close
01-16 13:03:38.252 D/SwipeUpService( 6832): multi-screen open
01-16 13:03:38.252 D/SwipeUpService( 6832): in black list
01-16 13:03:38.252 D/SwipeUpService( 6832): in boot tutorial
01-16 13:03:38.392 D/FitAnimSurface( 1208): nubia_finish_app_transition  AppWindowToken{77444a7 token=Token{70b0966 ActivityRecord{428fdc1 u0 com.gofirst.scenecollection.evidence/.view.activity.SelectUploadCase t32603}}}
01-16 13:03:38.392 D/Ulp_jni ( 1208): JNI:In update_settings:currentContextType 0, currentGpsSetting 0, currentAgpsSetting 1,currentNetworkProvSetting 0,currentWifiSetting 1,currentBatteryCharging 0,currentEnhLocationServicesSetting 0 currentPipUserSetting 0 
01-16 13:03:38.392 D/Ulp_jni ( 1208): JNI:system_update. Event-4
01-16 13:03:38.392 I/Timeline( 1208): Timeline: Activity_windows_visible id: ActivityRecord{428fdc1 u0 com.gofirst.scenecollection.evidence/.view.activity.SelectUploadCase t32603} time:14461529
01-16 13:03:38.462 D/StatusBar.MSimNetworkController( 6215): onSignalStrengthsChanged received on phoneId :0 subid: 2signalStrength=SignalStrength: 99 0 -120 -160 -120 -1 -1 26 -91 -7 -184 2147483647 2147483647 gsm|lte level=4
01-16 13:03:38.932 I/ServiceManager(  849): Waiting for service AtCmdFwd...
01-16 13:03:39.172 D/PowerManagerService( 1208): to showLogHandlerThread quit!
01-16 13:03:39.192 D/FitAnimSurface( 1208): nubia_start_app_transition  AppWindowToken{77444a7 token=Token{70b0966 ActivityRecord{428fdc1 u0 com.gofirst.scenecollection.evidence/.view.activity.SelectUploadCase t32603}}}
01-16 13:03:39.192 D/FitAnimSurface( 1208): nubia_surface_first_show  Window{1386b4fd u0 com.gofirst.scenecollection.evidence/com.gofirst.scenecollection.evidence.view.activity.SelectUploadCase}
01-16 13:03:39.202 D/tfUrl   (32734): /checkBasedataUpdate
01-16 13:03:39.202 D/Urltest (32734): http://192.168.191.1:8090/EvidenceService/app/checkBasedataUpdate
01-16 13:03:39.202 I/supersnapshot( 1208): current activity: clazzName: com.gofirst.scenecollection.evidence.view.activity.SyncDataActivity pkgName: com.gofirst.scenecollection.evidence
01-16 13:03:39.232 I/Timeline(32734): Timeline: Activity_idle id: android.os.BinderProxy@2ea11f6a time:14462360
01-16 13:03:39.472 D/SwipeUpService( 6832): setting close
01-16 13:03:39.472 D/SwipeUpService( 6832): multi-screen open
01-16 13:03:39.472 D/SwipeUpService( 6832): in black list
01-16 13:03:39.472 D/SwipeUpService( 6832): in boot tutorial
01-16 13:03:39.482 D/FitAnimSurface( 1208): nubia_finish_app_transition  AppWindowToken{77444a7 token=Token{70b0966 ActivityRecord{428fdc1 u0 com.gofirst.scenecollection.evidence/.view.activity.SelectUploadCase t32603}}}
01-16 13:03:39.492 W/SurfaceFlinger(  403): couldn't log to binary event log: overflow.
01-16 13:03:39.932 I/ServiceManager(  849): Waiting for service AtCmdFwd...
01-16 13:03:39.962 I/Timeline(32734): Timeline: Activity_launch_request id:com.gofirst.scenecollection.evidence time:14463094
01-16 13:03:39.962 I/ActivityManager( 1208): START u0 {cmp=com.gofirst.scenecollection.evidence/.view.activity.UploadingCaseListActivity} from uid 10537 on display 0
01-16 13:03:39.972 V/WindowManager( 1208): addAppToken: AppWindowToken{23deb14a token=Token{3a8c86b5 ActivityRecord{345df2ec u0 com.gofirst.scenecollection.evidence/.view.activity.UploadingCaseListActivity t32603}}} to stack=1 task=32603 at 2
01-16 13:03:39.972 D/PowerManagerService( 1208): to showLogHandlerThread quit!
01-16 13:03:39.982 E/ImeManager( 1208): System would not have a null focused window on display;0
01-16 13:03:39.982 D/PowerManagerService( 1208): to showLogHandlerThread quit!
01-16 13:03:39.992 E/WifiStateMachine( 1208): WifiStateMachine CMD_START_SCAN source 10537 txSuccessRate=20.07 rxSuccessRate=8.47 targetRoamBSSID=any RSSI=-65
01-16 13:03:39.992 D/wpa_supplicant(24232): wlan0: Control interface command 'SCAN TYPE=ONLY'
01-16 13:03:39.992 D/wpa_supplicant(24232): wlan0: Setting scan request: 0.000000 sec
01-16 13:03:39.992 D/wpa_supplicant(24232): Scan SSID - hexdump(len=13): 79 69 64 69 61 6e 6c 69 61 6e 6a 69 65
01-16 13:03:39.992 D/wpa_supplicant(24232): wlan0: Starting AP scan for wildcard SSID
01-16 13:03:39.992 D/wpa_supplicant(24232): wlan0: Add radio work 'scan'@0x5592c47a80
01-16 13:03:39.992 D/wpa_supplicant(24232): wlan0: First radio work item in the queue - schedule start immediately
01-16 13:03:39.992 D/wpa_supplicant(24232): wlan0: Starting radio work 'scan'@0x5592c47a80 after 0.000096 second wait
01-16 13:03:39.992 D/wpa_supplicant(24232): wlan0: nl80211: scan request
01-16 13:03:39.992 D/wpa_supplicant(24232): nl80211: Scan SSID - hexdump(len=13): 79 69 64 69 61 6e 6c 69 61 6e 6a 69 65
01-16 13:03:39.992 D/wpa_supplicant(24232): nl80211: Scan SSID - hexdump(len=0): [NULL]
01-16 13:03:39.992 I/WifiHAL ( 1208): Poll result = 1
01-16 13:03:39.992 D/wpa_supplicant(24232): Scan requested (ret=0) - scan timeout 30 seconds
01-16 13:03:39.992 I/WifiHAL ( 1208): Found some events!!!
01-16 13:03:39.992 D/WifiHAL ( 1208): no_seq_check received
01-16 13:03:39.992 D/wpa_supplicant(24232): nl80211: Event message available
01-16 13:03:39.992 I/WifiHAL ( 1208): event received NL80211_CMD_TRIGGER_SCAN
01-16 13:03:40.002 I/WifiHAL ( 1208): event received NL80211_CMD_TRIGGER_SCAN, vendor_id = 0x0
01-16 13:03:40.002 D/wpa_supplicant(24232): nl80211: Drv Event 33 (NL80211_CMD_TRIGGER_SCAN) received for wlan0
01-16 13:03:40.002 I/WifiHAL ( 1208): event ignored!!
01-16 13:03:40.002 D/wpa_supplicant(24232): wlan0: nl80211: Scan trigger
01-16 13:03:40.002 D/wpa_supplicant(24232): wlan0: Event SCAN_STARTED (49) received
01-16 13:03:40.002 D/wpa_supplicant(24232): wlan0: Own scan request started a scan in 0.000440 seconds
01-16 13:03:40.002 D/wpa_supplicant(24232): CTRL_IFACE monitor sent successfully to /data/misc/wifi/sockets/wpa_ctrl_440-19\x00
01-16 13:03:40.002 D/wpa_supplicant(24232): CTRL_IFACE monitor sent successfully to /data/misc/wifi/sockets/wpa_ctrl_1208-9\x00
01-16 13:03:40.002 D/wpa_supplicant(24232): nl80211: Event message available
01-16 13:03:40.002 D/wpa_supplicant(24232): nl80211: Drv Event 34 (NL80211_CMD_NEW_SCAN_RESULTS) received for wlan0
01-16 13:03:40.002 D/wpa_supplicant(24232): wlan0: nl80211: New scan results available
01-16 13:03:40.002 D/wpa_supplicant(24232): nl80211: Scan probed for SSID 'yidianlianjie'
01-16 13:03:40.002 D/wpa_supplicant(24232): nl80211: Scan probed for SSID ''
01-16 13:03:40.002 D/wpa_supplicant(24232): nl80211: Scan included frequencies: 2412 2417 2422 2427 2432 2437 2442 2447 2452 2457 2462 2467 2472 5180 5200 5220 5240 5260 5280 5300 5320 5745 5765 5785 5805 5825
01-16 13:03:40.002 D/wpa_supplicant(24232): wlan0: Event SCAN_RESULTS (3) received
01-16 13:03:40.002 D/wpa_supplicant(24232): wlan0: Scan completed in 0.000929 seconds
01-16 13:03:40.002 D/wpa_supplicant(24232): nl80211: Associated on 2442 MHz
01-16 13:03:40.002 D/wpa_supplicant(24232): nl80211: Associated with 60:ee:5c:02:3c:a3
01-16 13:03:40.002 D/wpa_supplicant(24232): nl80211: Received scan results (4 BSSes)
01-16 13:03:40.002 D/wpa_supplicant(24232): nl80211: Scan results indicate BSS status with 60:ee:5c:02:3c:a3 as associated
01-16 13:03:40.002 D/wpa_supplicant(24232): wlan0: BSS: Start scan result update 1956
01-16 13:03:40.002 D/wpa_supplicant(24232): BSS: last_scan_res_used=4/32
01-16 13:03:40.002 D/wpa_supplicant(24232): wlan0: Scan-only results received
01-16 13:03:40.002 D/wpa_supplicant(24232): CTRL_IFACE monitor sent successfully to /data/misc/wifi/sockets/wpa_ctrl_440-19\x00
01-16 13:03:40.002 D/wpa_supplicant(24232): CTRL_IFACE monitor sent successfully to /data/misc/wifi/sockets/wpa_ctrl_1208-9\x00
01-16 13:03:40.002 D/wpa_supplicant(24232): wlan0: Radio work 'scan'@0x5592c47a80 done in 0.003850 seconds
01-16 13:03:40.002 I/WifiHAL ( 1208): Poll result = 1
01-16 13:03:40.002 I/WifiHAL ( 1208): Found some events!!!
01-16 13:03:40.002 D/WifiHAL ( 1208): no_seq_check received
01-16 13:03:40.002 I/WifiHAL ( 1208): event received NL80211_CMD_NEW_SCAN_RESULTS
01-16 13:03:40.002 I/WifiHAL ( 1208): event received NL80211_CMD_NEW_SCAN_RESULTS, vendor_id = 0x0
01-16 13:03:40.002 I/WifiHAL ( 1208): event ignored!!
01-16 13:03:40.002 D/wpa_supplicant(24232): wlan0: Control interface command 'BSS RANGE=0- MASK=0x21987'
01-16 13:03:40.012 D/LBSSystemMonitorService( 1208): handleMessage what - 4
01-16 13:03:40.012 D/Wiper_jni( 1208): Send Network Location.
01-16 13:03:40.032 I/ViewRootImpl(32734): CPU Rendering VSync enable = true
01-16 13:03:40.032 V/WindowManager( 1208): Adding window Window{5ad51d8 u0 com.gofirst.scenecollection.evidence/com.gofirst.scenecollection.evidence.view.activity.UploadingCaseListActivity} at 7 of 11 (after Window{1e468a3a u0 com.gofirst.scenecollection.evidence/com.gofirst.scenecollection.evidence.view.activity.SyncDataActivity})
01-16 13:03:40.032 I/supersnapshot( 1208): current activity: clazzName: com.gofirst.scenecollection.evidence.view.activity.UploadingCaseListActivity pkgName: com.gofirst.scenecollection.evidence
01-16 13:03:40.182 I/libGameXtend(32734): LUCID_1 (1516079020192) GameXtend is currently running in Automatic mode
01-16 13:03:40.182 I/libGameXtend(32734): LUCID_1 (1516079020192) GameXtend is currently running in no_save Save power state. 
01-16 13:03:40.182 I/libGameXtend(32734): LUCID_1 (1516079020192) com.gofirst.scenecollection.evidence is currently running with GameXtend, with PS parameter = 1. , ICE is not supported. PS parameter source is PowerXtend configuration
01-16 13:03:40.182 I/libGameXtend(32734): LUCID_1 (1516079020192) PowerXtend touch feature is not active
01-16 13:03:40.212 I/ActivityManager( 1208): Displayed com.gofirst.scenecollection.evidence/.view.activity.UploadingCaseListActivity: +223ms
01-16 13:03:40.232 D/FitAnimSurface( 1208): nubia_start_app_transition  AppWindowToken{23deb14a token=Token{3a8c86b5 ActivityRecord{345df2ec u0 com.gofirst.scenecollection.evidence/.view.activity.UploadingCaseListActivity t32603}}}
01-16 13:03:40.232 D/Ulp_jni ( 1208): JNI:In update_settings:currentContextType 0, currentGpsSetting 0, currentAgpsSetting 1,currentNetworkProvSetting 0,currentWifiSetting 1,currentBatteryCharging 0,currentEnhLocationServicesSetting 0 currentPipUserSetting 0 
01-16 13:03:40.232 D/Ulp_jni ( 1208): JNI:system_update. Event-4
01-16 13:03:40.242 D/FitAnimSurface( 1208): nubia_surface_first_show  Window{5ad51d8 u0 com.gofirst.scenecollection.evidence/com.gofirst.scenecollection.evidence.view.activity.UploadingCaseListActivity}
01-16 13:03:40.242 D/Ulp_jni ( 1208): JNI:In update_settings:currentContextType 0, currentGpsSetting 0, currentAgpsSetting 1,currentNetworkProvSetting 0,currentWifiSetting 1,currentBatteryCharging 0,currentEnhLocationServicesSetting 0 currentPipUserSetting 0 
01-16 13:03:40.242 D/Ulp_jni ( 1208): JNI:system_update. Event-4
01-16 13:03:40.252 I/Timeline(32734): Timeline: Activity_idle id: android.os.BinderProxy@3852c5d time:14463385
01-16 13:03:40.292 D/SwipeUpService( 6832): setting close
01-16 13:03:40.292 D/SwipeUpService( 6832): multi-screen open
01-16 13:03:40.292 D/SwipeUpService( 6832): in black list
01-16 13:03:40.292 D/SwipeUpService( 6832): in boot tutorial
01-16 13:03:40.312 I/MSM-irqbalance(  826): Decided to move IRQ129 from CPU5 to CPU7
01-16 13:03:40.532 D/FitAnimSurface( 1208): nubia_finish_app_transition  AppWindowToken{23deb14a token=Token{3a8c86b5 ActivityRecord{345df2ec u0 com.gofirst.scenecollection.evidence/.view.activity.UploadingCaseListActivity t32603}}}
01-16 13:03:40.532 D/Ulp_jni ( 1208): JNI:In update_settings:currentContextType 0, currentGpsSetting 0, currentAgpsSetting 1,currentNetworkProvSetting 0,currentWifiSetting 1,currentBatteryCharging 0,currentEnhLocationServicesSetting 0 currentPipUserSetting 0 
01-16 13:03:40.532 D/Ulp_jni ( 1208): JNI:system_update. Event-4
01-16 13:03:40.532 I/Timeline( 1208): Timeline: Activity_windows_visible id: ActivityRecord{345df2ec u0 com.gofirst.scenecollection.evidence/.view.activity.UploadingCaseListActivity t32603} time:14463669
01-16 13:03:40.702 D/StatusBar.MSimNetworkController( 6215): onSignalStrengthsChanged received on phoneId :0 subid: 2signalStrength=SignalStrength: 99 0 -120 -160 -120 -1 -1 26 -91 -7 -184 2147483647 2147483647 gsm|lte level=4
01-16 13:03:40.932 I/ServiceManager(  849): Waiting for service AtCmdFwd...
01-16 13:03:40.992 D/StatusBar.MSimNetworkController( 6215): onSignalStrengthsChanged received on phoneId :0 subid: 2signalStrength=SignalStrength: 99 0 -120 -160 -120 -1 -1 25 -91 -4 -184 2147483647 2147483647 gsm|lte level=4
01-16 13:03:41.202 D/wpa_supplicant(24232): wlan0: Control interface command 'SIGNAL_POLL'
01-16 13:03:41.942 I/ServiceManager(  849): Waiting for service AtCmdFwd...
01-16 13:03:41.962 D/PowerManagerService( 1208): to showLogHandlerThread quit!
01-16 13:03:42.932 I/ServiceManager(  849): Waiting for service AtCmdFwd...
01-16 13:03:42.942 D/StatusBar.MSimNetworkController( 6215): onSignalStrengthsChanged received on phoneId :0 subid: 2signalStrength=SignalStrength: 99 0 -120 -160 -120 -1 -1 24 -91 -4 -184 2147483647 2147483647 gsm|lte level=4
01-16 13:03:43.012 D/PowerManagerService( 1208): to showLogHandlerThread quit!
01-16 13:03:43.012 D/ActivityManager( 1208): target_pkg = com.gofirst.scenecollection.evidence, target_process = com.gofirst.scenecollection.evidence
01-16 13:03:43.012 D/ActivityManager( 1208): start service caller PID =32734, UID = 10537, callerPkgList = {com.gofirst.scenecollection.evidence=com.android.internal.app.ProcessStats$ProcessStateHolder@acbf1a3}, service_name = ComponentInfo{com.gofirst.scenecollection.evidence/com.gofirst.scenecollection.evidence.sync.UpLoadService}
01-16 13:03:43.022 W/AlarmManager( 1208): none no open power log
01-16 13:03:43.022 D/save    (32734): {"latitude":"31.350773","longitude":"31.350773","machineCode":"ae4b71d7d0b64cea8711a7c77f7c9f46","modularVersionNo":"1.0.90","userId":"119071","userName":"admin","userOrg":"32098","userOrgName":"%E8%8B%8F%E5%B7%9E%E5%B8%82%E5%85%AC%E5%AE%89%E5%B1%80"}
01-16 13:03:43.042 D/onRunning(32734): onStartSpecific
01-16 13:03:43.052 D/ActivityManager( 1208): target_pkg = com.gofirst.scenecollection.evidence, target_process = com.gofirst.scenecollection.evidence:romoteservice
01-16 13:03:43.052 D/ActivityManager( 1208): bindService caller Pid = 32734, Uid = 10537 callerApp.pkgList ={com.gofirst.scenecollection.evidence=com.android.internal.app.ProcessStats$ProcessStateHolder@acbf1a3}, service_name = ComponentInfo{com.gofirst.scenecollection.evidence/com.gofirst.scenecollection.evidence.sync.RemoteService}
01-16 13:03:43.252 D/onRunning(32734): select * from UnUpLoadBlock where isSpec = '1' order by id limit 0,2
